[WARN] Skipping unreadable directory: /tmp/snap-private-tmp (EACCES: permission denied, scandir '/tmp/snap-private-tmp')
[WARN] Skipping unreadable directory: /tmp/systemd-private-35b5e4b7f1904241900e1a38b37d1298-colord.service-RHhPud (EACCES: permission denied, scandir '/tmp/systemd-private-35b5e4b7f1904241900e1a38b37d1298-colord.service-RHhPud')
[WARN] Skipping unreadable directory: /tmp/systemd-private-35b5e4b7f1904241900e1a38b37d1298-ModemManager.service-RyLA9Z (EACCES: permission denied, scandir '/tmp/systemd-private-35b5e4b7f1904241900e1a38b37d1298-ModemManager.service-RyLA9Z')
[WARN] Skipping unreadable directory: /tmp/systemd-private-35b5e4b7f1904241900e1a38b37d1298-fwupd.service-oHSyT1 (EACCES: permission denied, scandir '/tmp/systemd-private-35b5e4b7f1904241900e1a38b37d1298-fwupd.service-oHSyT1')
[WARN] Skipping unreadable directory: /tmp/systemd-private-35b5e4b7f1904241900e1a38b37d1298-power-profiles-daemon.service-DnO4Tr (EACCES: permission denied, scandir '/tmp/systemd-private-35b5e4b7f1904241900e1a38b37d1298-power-profiles-daemon.service-DnO4Tr')
[WARN] Skipping unreadable directory: /tmp/systemd-private-35b5e4b7f1904241900e1a38b37d1298-polkit.service-Dw4V6E (EACCES: permission denied, scandir '/tmp/systemd-private-35b5e4b7f1904241900e1a38b37d1298-polkit.service-Dw4V6E')
[WARN] Skipping unreadable directory: /tmp/systemd-private-35b5e4b7f1904241900e1a38b37d1298-switcheroo-control.service-HyfRyD (EACCES: permission denied, scandir '/tmp/systemd-private-35b5e4b7f1904241900e1a38b37d1298-switcheroo-control.service-HyfRyD')
[WARN] Skipping unreadable directory: /tmp/systemd-private-35b5e4b7f1904241900e1a38b37d1298-systemd-logind.service-Zzdv2o (EACCES: permission denied, scandir '/tmp/systemd-private-35b5e4b7f1904241900e1a38b37d1298-systemd-logind.service-Zzdv2o')
[WARN] Skipping unreadable directory: /tmp/systemd-private-35b5e4b7f1904241900e1a38b37d1298-systemd-oomd.service-U8P4Sf (EACCES: permission denied, scandir '/tmp/systemd-private-35b5e4b7f1904241900e1a38b37d1298-systemd-oomd.service-U8P4Sf')
[WARN] Skipping unreadable directory: /tmp/systemd-private-35b5e4b7f1904241900e1a38b37d1298-systemd-timesyncd.service-vA8scF (EACCES: permission denied, scandir '/tmp/systemd-private-35b5e4b7f1904241900e1a38b37d1298-systemd-timesyncd.service-vA8scF')
[WARN] Skipping unreadable directory: /tmp/systemd-private-35b5e4b7f1904241900e1a38b37d1298-systemd-resolved.service-RSYMTd (EACCES: permission denied, scandir '/tmp/systemd-private-35b5e4b7f1904241900e1a38b37d1298-systemd-resolved.service-RSYMTd')
[WARN] Skipping unreadable directory: /tmp/systemd-private-35b5e4b7f1904241900e1a38b37d1298-upower.service-CygBaM (EACCES: permission denied, scandir '/tmp/systemd-private-35b5e4b7f1904241900e1a38b37d1298-upower.service-CygBaM')
[WARN] Skipping unreadable directory: /tmp/snap-private-tmp (EACCES: permission denied, scandir '/tmp/snap-private-tmp')
[WARN] Skipping unreadable directory: /tmp/systemd-private-35b5e4b7f1904241900e1a38b37d1298-ModemManager.service-RyLA9Z (EACCES: permission denied, scandir '/tmp/systemd-private-35b5e4b7f1904241900e1a38b37d1298-ModemManager.service-RyLA9Z')
[WARN] Skipping unreadable directory: /tmp/systemd-private-35b5e4b7f1904241900e1a38b37d1298-colord.service-RHhPud (EACCES: permission denied, scandir '/tmp/systemd-private-35b5e4b7f1904241900e1a38b37d1298-colord.service-RHhPud')
[WARN] Skipping unreadable directory: /tmp/systemd-private-35b5e4b7f1904241900e1a38b37d1298-fwupd.service-oHSyT1 (EACCES: permission denied, scandir '/tmp/systemd-private-35b5e4b7f1904241900e1a38b37d1298-fwupd.service-oHSyT1')
[WARN] Skipping unreadable directory: /tmp/systemd-private-35b5e4b7f1904241900e1a38b37d1298-polkit.service-Dw4V6E (EACCES: permission denied, scandir '/tmp/systemd-private-35b5e4b7f1904241900e1a38b37d1298-polkit.service-Dw4V6E')
[WARN] Skipping unreadable directory: /tmp/systemd-private-35b5e4b7f1904241900e1a38b37d1298-power-profiles-daemon.service-DnO4Tr (EACCES: permission denied, scandir '/tmp/systemd-private-35b5e4b7f1904241900e1a38b37d1298-power-profiles-daemon.service-DnO4Tr')
[WARN] Skipping unreadable directory: /tmp/systemd-private-35b5e4b7f1904241900e1a38b37d1298-switcheroo-control.service-HyfRyD (EACCES: permission denied, scandir '/tmp/systemd-private-35b5e4b7f1904241900e1a38b37d1298-switcheroo-control.service-HyfRyD')
[WARN] Skipping unreadable directory: /tmp/systemd-private-35b5e4b7f1904241900e1a38b37d1298-systemd-logind.service-Zzdv2o (EACCES: permission denied, scandir '/tmp/systemd-private-35b5e4b7f1904241900e1a38b37d1298-systemd-logind.service-Zzdv2o')
[WARN] Skipping unreadable directory: /tmp/systemd-private-35b5e4b7f1904241900e1a38b37d1298-systemd-oomd.service-U8P4Sf (EACCES: permission denied, scandir '/tmp/systemd-private-35b5e4b7f1904241900e1a38b37d1298-systemd-oomd.service-U8P4Sf')
[WARN] Skipping unreadable directory: /tmp/systemd-private-35b5e4b7f1904241900e1a38b37d1298-systemd-resolved.service-RSYMTd (EACCES: permission denied, scandir '/tmp/systemd-private-35b5e4b7f1904241900e1a38b37d1298-systemd-resolved.service-RSYMTd')
[WARN] Skipping unreadable directory: /tmp/systemd-private-35b5e4b7f1904241900e1a38b37d1298-upower.service-CygBaM (EACCES: permission denied, scandir '/tmp/systemd-private-35b5e4b7f1904241900e1a38b37d1298-upower.service-CygBaM')
[WARN] Skipping unreadable directory: /tmp/systemd-private-35b5e4b7f1904241900e1a38b37d1298-systemd-timesyncd.service-vA8scF (EACCES: permission denied, scandir '/tmp/systemd-private-35b5e4b7f1904241900e1a38b37d1298-systemd-timesyncd.service-vA8scF')
Error executing tool run_shell_command: Tool "run_shell_command" not found. Did you mean one of: "grep_search", "invoke_agent", "read_file"?
